<html>
<body>
<pre>
<h1>µVision Build Log</h1>
<h2>Project:</h2>
C:\Projects\Programs\Utils\milandr\PWR2_inv\Project\PWR2_inv.uvproj
Project File Date:  02/01/2023

<h2>Output:</h2>
Rebuild target 'PWR_inv'
compiling system_MDR32F9Qx.c...
assembling startup_MDR32F9x.s...
compiling main.c...
compiling CNTL_3P3Z.c...
..\Source\CNTL_3P3Z.c(9): warning:  #177-D: variable "i" was declared but never referenced
compiling PID.c...
compiling MDR32F9Qx_can.c...
compiling MDR32F9Qx_port.c...
compiling MDR32F9Qx_rst_clk.c...
compiling MDR32F9Qx_timer.c...
compiling MDR32F9Qx_adc.c...
linking...
Program Size: Code=12724 RO-data=256 RW-data=104 ZI-data=3376  
FromELF: creating hex file...
"..\Bin\PWR2_inv.axf" - 0 Errors, 1 Warning(s).
