<html>
<body>
<pre>
<h1>µVision Build Log</h1>
<h2>Tool Versions:</h2>
IDE-Version: µVision V5.23.0.0
Copyright (C) 2017 ARM Ltd and ARM Germany GmbH. All rights reserved.
License Information: R f, f, LIC=9N0AE-56TYD-79MG1-CFXF6-TP51R-6TZXR
 
Tool Versions:
Toolchain:       MDK-ARM Professional  Version: 5.23
Toolchain Path:  C:\Keil_v5\ARM\ARMCC\Bin
C Compiler:      Armcc.exe V5.06 update 4 (build 422)
Assembler:       Armasm.exe V5.06 update 4 (build 422)
Linker/Locator:  ArmLink.exe V5.06 update 4 (build 422)
Library Manager: ArmAr.exe V5.06 update 4 (build 422)
Hex Converter:   FromElf.exe V5.06 update 4 (build 422)
CPU DLL:         SARMCM3.DLL V5.23
Dialog DLL:      DCM.DLL V1.15.0.0
Target DLL:      UL2CM3.DLL V1.159.7.0
Dialog DLL:      TCM.DLL V1.27.0.0
 
<h2>Project:</h2>
C:\Projects\Programs\Utils\milandr\MDR32_INV\Project\PWR2_inv.uvproj
Project File Date:  09/17/2026

<h2>Output:</h2>
*** Using Compiler 'V5.06 update 4 (build 422)', folder: 'C:\Keil_v5\ARM\ARMCC\Bin'
Rebuild target 'PWR_inv'
assembling startup_MDR32F9x.s...
compiling PID.c...
compiling CNTL_3P3Z.c...
..\Source\CNTL_3P3Z.c(9): warning:  #177-D: variable "i"  was declared but never referenced
  	uint8_t i;
..\Source\CNTL_3P3Z.c: 1 warning, 0 errors
compiling system_MDR32F9Qx.c...
compiling MDR32F9Qx_port.c...
compiling MDR32F9Qx_can.c...
compiling MDR32F9Qx_rst_clk.c...
compiling main.c...
compiling MDR32F9Qx_timer.c...
compiling MDR32F9Qx_adc.c...
linking...
Program Size: Code=12776 RO-data=256 RW-data=108 ZI-data=3372  
FromELF: creating hex file...
"..\Bin\PWR2_inv.axf" - 0 Error(s), 1 Warning(s).
Build Time Elapsed:  00:00:01
</pre>
</body>
</html>
